{
  "version": "1.5.0",
  "plugins_used": [
    {
      "name": "ArtifactoryDetector"
    },
    {
      "name": "AWSKeyDetector"
    },
    {
      "name": "AzureStorageKeyDetector"
    },
    {
      "name": "Base64HighEntropyString",
      "limit": 4.5
    },
    {
      "name": "BasicAuthDetector"
    },
    {
      "name": "CloudantDetector"
    },
    {
      "name": "DiscordBotTokenDetector"
    },
    {
      "name": "GitHubTokenDetector"
    },
    {
      "name": "GitLabTokenDetector"
    },
    {
      "name": "HexHighEntropyString",
      "limit": 3.0
    },
    {
      "name": "IbmCloudIamDetector"
    },
    {
      "name": "IbmCosHmacDetector"
    },
    {
      "name": "IPPublicDetector"
    },
    {
      "name": "JwtTokenDetector"
    },
    {
      "name": "KeywordDetector",
      "keyword_exclude": ""
    },
    {
      "name": "MailchimpDetector"
    },
    {
      "name": "NpmDetector"
    },
    {
      "name": "OpenAIDetector"
    },
    {
      "name": "PrivateKeyDetector"
    },
    {
      "name": "PypiTokenDetector"
    },
    {
      "name": "SendGridDetector"
    },
    {
      "name": "SlackDetector"
    },
    {
      "name": "SoftlayerDetector"
    },
    {
      "name": "SquareOAuthDetector"
    },
    {
      "name": "StripeDetector"
    },
    {
      "name": "TelegramBotTokenDetector"
    },
    {
      "name": "TwilioKeyDetector"
    }
  ],
  "filters_used": [
    {
      "path": "detect_secrets.filters.allowlist.is_line_allowlisted"
    },
    {
      "path": "detect_secrets.filters.common.is_baseline_file",
      "filename": ".secrets.baseline"
    },
    {
      "path": "detect_secrets.filters.common.is_ignored_due_to_verification_policies",
      "min_level": 2
    },
    {
      "path": "detect_secrets.filters.heuristic.is_indirect_reference"
    },
    {
      "path": "detect_secrets.filters.heuristic.is_likely_id_string"
    },
    {
      "path": "detect_secrets.filters.heuristic.is_lock_file"
    },
    {
      "path": "detect_secrets.filters.heuristic.is_not_alphanumeric_string"
    },
    {
      "path": "detect_secrets.filters.heuristic.is_potential_uuid"
    },
    {
      "path": "detect_secrets.filters.heuristic.is_prefixed_with_dollar_sign"
    },
    {
      "path": "detect_secrets.filters.heuristic.is_sequential_string"
    },
    {
      "path": "detect_secrets.filters.heuristic.is_swagger_file"
    },
    {
      "path": "detect_secrets.filters.heuristic.is_templated_secret"
    }
  ],
  "results": {
    "agent/room_manifest.py": [
      {
        "type": "Hex High Entropy String",
        "filename": "agent/room_manifest.py",
        "hashed_secret": "4f2f9bc1ed21c1cf6426d6d3c29b80d86d6c0e4c",
        "is_verified": false,
        "line_number": 6
      },
      {
        "type": "Hex High Entropy String",
        "filename": "agent/room_manifest.py",
        "hashed_secret": "e0a4dd516d4e72c1a3c505cae5caff63975f03fa",
        "is_verified": false,
        "line_number": 12
      }
    ],
    "agent/room_sandbox.py": [
      {
        "type": "Secret Keyword",
        "filename": "agent/room_sandbox.py",
        "hashed_secret": "e78cb364454a9f7f01d11a5701c5b8f6cb18b954",
        "is_verified": false,
        "line_number": 199
      },
      {
        "type": "Secret Keyword",
        "filename": "agent/room_sandbox.py",
        "hashed_secret": "64f31e4c700f27a27451e2436fd35ddeb4077b3f",
        "is_verified": false,
        "line_number": 240
      }
    ],
    "scripts/test_room_server.py": [
      {
        "type": "Secret Keyword",
        "filename": "scripts/test_room_server.py",
        "hashed_secret": "9dbafbdde45c12777137d7b73ca9e8a86d993e71",
        "is_verified": false,
        "line_number": 220
      }
    ],
    "site/src/data/audit-room.json": [
      {
        "type": "Hex High Entropy String",
        "filename": "site/src/data/audit-room.json",
        "hashed_secret": "c30c898c019eff9e873e35a42ff0aef7327152ed",
        "is_verified": false,
        "line_number": 64
      },
      {
        "type": "Hex High Entropy String",
        "filename": "site/src/data/audit-room.json",
        "hashed_secret": "71e21f230583b3a39d6dfc5b2bb6b9b80be5172e",
        "is_verified": false,
        "line_number": 110
      },
      {
        "type": "Hex High Entropy String",
        "filename": "site/src/data/audit-room.json",
        "hashed_secret": "3a61ac1d964d42e3990b74a06d2f1b0c2a448ab9",
        "is_verified": false,
        "line_number": 155
      },
      {
        "type": "Hex High Entropy String",
        "filename": "site/src/data/audit-room.json",
        "hashed_secret": "d95e9cfd919c51a94c91ce923d94d403f47224c1",
        "is_verified": false,
        "line_number": 203
      },
      {
        "type": "Hex High Entropy String",
        "filename": "site/src/data/audit-room.json",
        "hashed_secret": "3343efdb2b02da83b544457ef2e802ff72793a4d",
        "is_verified": false,
        "line_number": 249
      },
      {
        "type": "Hex High Entropy String",
        "filename": "site/src/data/audit-room.json",
        "hashed_secret": "67937216d78a9a12ad46a763cfb182c628df5f97",
        "is_verified": false,
        "line_number": 254
      },
      {
        "type": "Hex High Entropy String",
        "filename": "site/src/data/audit-room.json",
        "hashed_secret": "5cbfe815b36fb5d9442706befca011f3dac8e5df",
        "is_verified": false,
        "line_number": 259
      },
      {
        "type": "Hex High Entropy String",
        "filename": "site/src/data/audit-room.json",
        "hashed_secret": "44b83331ae141e699d59decb4aaf5c963010e5b8",
        "is_verified": false,
        "line_number": 304
      },
      {
        "type": "Hex High Entropy String",
        "filename": "site/src/data/audit-room.json",
        "hashed_secret": "eef01bd0315caa97ea82722ae92a1f8f5f2abd6d",
        "is_verified": false,
        "line_number": 376
      },
      {
        "type": "Hex High Entropy String",
        "filename": "site/src/data/audit-room.json",
        "hashed_secret": "f6d415d70b31ce705a7c8005a7ec4537d7bdf0a2",
        "is_verified": false,
        "line_number": 412
      },
      {
        "type": "Hex High Entropy String",
        "filename": "site/src/data/audit-room.json",
        "hashed_secret": "9276c582be22d4890770c1146496382e9fd34129",
        "is_verified": false,
        "line_number": 448
      },
      {
        "type": "Hex High Entropy String",
        "filename": "site/src/data/audit-room.json",
        "hashed_secret": "c3650074723c44fd19dcc2c37870392cc879fe64",
        "is_verified": false,
        "line_number": 498
      },
      {
        "type": "Hex High Entropy String",
        "filename": "site/src/data/audit-room.json",
        "hashed_secret": "143cd991576f32ec984e46184ac1345d798fb193",
        "is_verified": false,
        "line_number": 545
      },
      {
        "type": "Hex High Entropy String",
        "filename": "site/src/data/audit-room.json",
        "hashed_secret": "0094a155d371789e2bc34e2cea1731583e290d27",
        "is_verified": false,
        "line_number": 593
      },
      {
        "type": "Hex High Entropy String",
        "filename": "site/src/data/audit-room.json",
        "hashed_secret": "8eff2c27bead8feb4e431d92452f04f108179c2e",
        "is_verified": false,
        "line_number": 629
      },
      {
        "type": "Hex High Entropy String",
        "filename": "site/src/data/audit-room.json",
        "hashed_secret": "cf11dfd0da9dcf828d63598d28b422c554f28e37",
        "is_verified": false,
        "line_number": 665
      },
      {
        "type": "Hex High Entropy String",
        "filename": "site/src/data/audit-room.json",
        "hashed_secret": "30962eeb808d95038f6c47fa177413a3a279296d",
        "is_verified": false,
        "line_number": 701
      },
      {
        "type": "Hex High Entropy String",
        "filename": "site/src/data/audit-room.json",
        "hashed_secret": "84e3aa94799563b07d56da94989ba14e971d2aea",
        "is_verified": false,
        "line_number": 737
      },
      {
        "type": "Hex High Entropy String",
        "filename": "site/src/data/audit-room.json",
        "hashed_secret": "0764e43e44390fc0c4f236a58a2e8ca3969691ad",
        "is_verified": false,
        "line_number": 773
      },
      {
        "type": "Hex High Entropy String",
        "filename": "site/src/data/audit-room.json",
        "hashed_secret": "7210b8e8cf4f05ba2f916a2d2a754ae23b431784",
        "is_verified": false,
        "line_number": 822
      },
      {
        "type": "Hex High Entropy String",
        "filename": "site/src/data/audit-room.json",
        "hashed_secret": "5f1f98505d4c8f5da4338b6646d3afff5556e92d",
        "is_verified": false,
        "line_number": 873
      },
      {
        "type": "Hex High Entropy String",
        "filename": "site/src/data/audit-room.json",
        "hashed_secret": "fa13474e6309687f5d7b78cced5cf8ef0209861c",
        "is_verified": false,
        "line_number": 964
      },
      {
        "type": "Hex High Entropy String",
        "filename": "site/src/data/audit-room.json",
        "hashed_secret": "092401300402d93d08427490e3c968c51f1248e0",
        "is_verified": false,
        "line_number": 973
      },
      {
        "type": "Hex High Entropy String",
        "filename": "site/src/data/audit-room.json",
        "hashed_secret": "9844e88471a56f4d97664c29b28d5133d44b7259",
        "is_verified": false,
        "line_number": 1047
      },
      {
        "type": "Hex High Entropy String",
        "filename": "site/src/data/audit-room.json",
        "hashed_secret": "53863ae1afe84417a5708ea4092878b65c80de4b",
        "is_verified": false,
        "line_number": 1092
      },
      {
        "type": "Hex High Entropy String",
        "filename": "site/src/data/audit-room.json",
        "hashed_secret": "b037ecd40c845c79db8e724ff5c931263255a86c",
        "is_verified": false,
        "line_number": 1128
      },
      {
        "type": "Hex High Entropy String",
        "filename": "site/src/data/audit-room.json",
        "hashed_secret": "d5dc87e9896fa6e05cae6c23850b0128344a6b39",
        "is_verified": false,
        "line_number": 1164
      },
      {
        "type": "Hex High Entropy String",
        "filename": "site/src/data/audit-room.json",
        "hashed_secret": "47a6e05132d28c212b92e626fc99c184f221332e",
        "is_verified": false,
        "line_number": 1230
      },
      {
        "type": "Hex High Entropy String",
        "filename": "site/src/data/audit-room.json",
        "hashed_secret": "f40892b6e976311486689e120e86c17842a6cbcc",
        "is_verified": false,
        "line_number": 1238
      },
      {
        "type": "Hex High Entropy String",
        "filename": "site/src/data/audit-room.json",
        "hashed_secret": "746800cc99e783a2df683a683830cb780c52c25a",
        "is_verified": false,
        "line_number": 1302
      },
      {
        "type": "Hex High Entropy String",
        "filename": "site/src/data/audit-room.json",
        "hashed_secret": "bbbb597482e9dbb307e83a6cc659774e722a9daf",
        "is_verified": false,
        "line_number": 1338
      },
      {
        "type": "Hex High Entropy String",
        "filename": "site/src/data/audit-room.json",
        "hashed_secret": "8aa9eead3d031581bd49fc012feda85c5dfddef6",
        "is_verified": false,
        "line_number": 1388
      },
      {
        "type": "Hex High Entropy String",
        "filename": "site/src/data/audit-room.json",
        "hashed_secret": "d7eefa6d4fded966bb54a37d85121207319f4090",
        "is_verified": false,
        "line_number": 1424
      },
      {
        "type": "Hex High Entropy String",
        "filename": "site/src/data/audit-room.json",
        "hashed_secret": "f4c6413d4b50c60215cc7a6a1927459e63b8c10d",
        "is_verified": false,
        "line_number": 1460
      },
      {
        "type": "Hex High Entropy String",
        "filename": "site/src/data/audit-room.json",
        "hashed_secret": "c2aab8f29ad150117b1e4eab2a794ba8e0c6ba2e",
        "is_verified": false,
        "line_number": 1496
      },
      {
        "type": "Hex High Entropy String",
        "filename": "site/src/data/audit-room.json",
        "hashed_secret": "fc8934c41927ba3f481190c9bb44e7742fdd3b4c",
        "is_verified": false,
        "line_number": 1544
      },
      {
        "type": "Hex High Entropy String",
        "filename": "site/src/data/audit-room.json",
        "hashed_secret": "f2b2dc4036a56e93ec3621ecf48c84aa9c4276e7",
        "is_verified": false,
        "line_number": 1580
      },
      {
        "type": "Hex High Entropy String",
        "filename": "site/src/data/audit-room.json",
        "hashed_secret": "c1476688de5361aabf24a0a238686497e5be6d24",
        "is_verified": false,
        "line_number": 1629
      },
      {
        "type": "Hex High Entropy String",
        "filename": "site/src/data/audit-room.json",
        "hashed_secret": "bc11f0d2cc9f5a219a9ca9fbfe27d9943f9f893c",
        "is_verified": false,
        "line_number": 1673
      },
      {
        "type": "Hex High Entropy String",
        "filename": "site/src/data/audit-room.json",
        "hashed_secret": "7978f0bc575bf242dce62bcef045dcde89cb423f",
        "is_verified": false,
        "line_number": 1709
      },
      {
        "type": "Hex High Entropy String",
        "filename": "site/src/data/audit-room.json",
        "hashed_secret": "01801cee48da70f437f5f0a8c654a7b9acb28a56",
        "is_verified": false,
        "line_number": 1745
      },
      {
        "type": "Hex High Entropy String",
        "filename": "site/src/data/audit-room.json",
        "hashed_secret": "93845aef8dc5fc4e81b46d48771108fbea624136",
        "is_verified": false,
        "line_number": 1831
      },
      {
        "type": "Hex High Entropy String",
        "filename": "site/src/data/audit-room.json",
        "hashed_secret": "c326bdc30d3bed7cc0c3213f6f562fd711434bba",
        "is_verified": false,
        "line_number": 1840
      },
      {
        "type": "Hex High Entropy String",
        "filename": "site/src/data/audit-room.json",
        "hashed_secret": "87d3ae3a3ed747519cd489ca7764b95c5b7a12c6",
        "is_verified": false,
        "line_number": 1845
      },
      {
        "type": "Hex High Entropy String",
        "filename": "site/src/data/audit-room.json",
        "hashed_secret": "768d80392fbc3dc33ce617e15aded9c86df8a9b9",
        "is_verified": false,
        "line_number": 1898
      },
      {
        "type": "Hex High Entropy String",
        "filename": "site/src/data/audit-room.json",
        "hashed_secret": "8d692b4ca2845df88cf731d20a43c0eba8e6e2f3",
        "is_verified": false,
        "line_number": 1953
      },
      {
        "type": "Hex High Entropy String",
        "filename": "site/src/data/audit-room.json",
        "hashed_secret": "34179bfd21206efd22eea4b1eeaa662d37c61627",
        "is_verified": false,
        "line_number": 2020
      },
      {
        "type": "Hex High Entropy String",
        "filename": "site/src/data/audit-room.json",
        "hashed_secret": "97d2f23980ac9edc8539c496a2d1cda1e0e826a5",
        "is_verified": false,
        "line_number": 2074
      },
      {
        "type": "Hex High Entropy String",
        "filename": "site/src/data/audit-room.json",
        "hashed_secret": "0c4c26058212ab8cad5db26b03602e159c89c25a",
        "is_verified": false,
        "line_number": 2118
      },
      {
        "type": "Hex High Entropy String",
        "filename": "site/src/data/audit-room.json",
        "hashed_secret": "4a24b135700c5602c48abf18d7087b7f6f0ea244",
        "is_verified": false,
        "line_number": 2127
      },
      {
        "type": "Hex High Entropy String",
        "filename": "site/src/data/audit-room.json",
        "hashed_secret": "bc95dc565f19c063984e2aa6b509a54c7ec14414",
        "is_verified": false,
        "line_number": 2132
      },
      {
        "type": "Hex High Entropy String",
        "filename": "site/src/data/audit-room.json",
        "hashed_secret": "b30351207daeb54b497a0a0070219d5851920b3d",
        "is_verified": false,
        "line_number": 2137
      },
      {
        "type": "Hex High Entropy String",
        "filename": "site/src/data/audit-room.json",
        "hashed_secret": "fa74c691979c1d5e481e86fe47b2e74ed48ae7e0",
        "is_verified": false,
        "line_number": 2183
      },
      {
        "type": "Hex High Entropy String",
        "filename": "site/src/data/audit-room.json",
        "hashed_secret": "9f10ae1a5a2b464fad0b09fd435f864d168e17c2",
        "is_verified": false,
        "line_number": 2229
      },
      {
        "type": "Hex High Entropy String",
        "filename": "site/src/data/audit-room.json",
        "hashed_secret": "de93725de41481c119ebfc669479839933206a0d",
        "is_verified": false,
        "line_number": 2265
      },
      {
        "type": "Hex High Entropy String",
        "filename": "site/src/data/audit-room.json",
        "hashed_secret": "b4216ffc74c2a84c6fbfff0b8c9527773ad34794",
        "is_verified": false,
        "line_number": 2301
      },
      {
        "type": "Hex High Entropy String",
        "filename": "site/src/data/audit-room.json",
        "hashed_secret": "aa3f87f05998465c6e915305c286aa882fb1f184",
        "is_verified": false,
        "line_number": 2333
      },
      {
        "type": "Hex High Entropy String",
        "filename": "site/src/data/audit-room.json",
        "hashed_secret": "93d4a6377ef662d31287f915067279fb20ea3a64",
        "is_verified": false,
        "line_number": 2341
      },
      {
        "type": "Hex High Entropy String",
        "filename": "site/src/data/audit-room.json",
        "hashed_secret": "4f2f9bc1ed21c1cf6426d6d3c29b80d86d6c0e4c",
        "is_verified": false,
        "line_number": 2398
      },
      {
        "type": "Hex High Entropy String",
        "filename": "site/src/data/audit-room.json",
        "hashed_secret": "3548ed1247c98f8fd55fc49c027dd85dc1e29044",
        "is_verified": false,
        "line_number": 2444
      },
      {
        "type": "Hex High Entropy String",
        "filename": "site/src/data/audit-room.json",
        "hashed_secret": "ba41f49fcf1859d7f0c0edb72c9ecf2732b6d37c",
        "is_verified": false,
        "line_number": 2480
      },
      {
        "type": "Hex High Entropy String",
        "filename": "site/src/data/audit-room.json",
        "hashed_secret": "e0a4dd516d4e72c1a3c505cae5caff63975f03fa",
        "is_verified": false,
        "line_number": 2516
      },
      {
        "type": "Hex High Entropy String",
        "filename": "site/src/data/audit-room.json",
        "hashed_secret": "ca1c7b0636a8530d90c2ec44a3dda101dd27e7cb",
        "is_verified": false,
        "line_number": 2565
      },
      {
        "type": "Hex High Entropy String",
        "filename": "site/src/data/audit-room.json",
        "hashed_secret": "75dc486e5efc2c074c55f357a91392ec9168a61d",
        "is_verified": false,
        "line_number": 2573
      },
      {
        "type": "Hex High Entropy String",
        "filename": "site/src/data/audit-room.json",
        "hashed_secret": "b3d0083539ee61c4efd59ff1896f03b8dadafe35",
        "is_verified": false,
        "line_number": 2718
      },
      {
        "type": "Hex High Entropy String",
        "filename": "site/src/data/audit-room.json",
        "hashed_secret": "88a6fdec86c024cdb4cbd5350791c113f1aa3ab3",
        "is_verified": false,
        "line_number": 2799
      },
      {
        "type": "Hex High Entropy String",
        "filename": "site/src/data/audit-room.json",
        "hashed_secret": "6f01796da323faaaef7efcc8d4d9dcf676bf24e7",
        "is_verified": false,
        "line_number": 2981
      },
      {
        "type": "Hex High Entropy String",
        "filename": "site/src/data/audit-room.json",
        "hashed_secret": "fb4f7505acef0cbc5ba2f43521d02970f6dee21c",
        "is_verified": false,
        "line_number": 3030
      },
      {
        "type": "Hex High Entropy String",
        "filename": "site/src/data/audit-room.json",
        "hashed_secret": "4fdd3b493e9cc2cda16f990e00a1fed76ce917f1",
        "is_verified": false,
        "line_number": 3100
      },
      {
        "type": "Hex High Entropy String",
        "filename": "site/src/data/audit-room.json",
        "hashed_secret": "117227093615eb0174be312f480a7f360c42ee2e",
        "is_verified": false,
        "line_number": 3145
      },
      {
        "type": "Hex High Entropy String",
        "filename": "site/src/data/audit-room.json",
        "hashed_secret": "1ecae8b648fd0bacf2c7e6d2a5c4b97a2921d5db",
        "is_verified": false,
        "line_number": 3189
      },
      {
        "type": "Hex High Entropy String",
        "filename": "site/src/data/audit-room.json",
        "hashed_secret": "5565142160fffc1ae855d672bc07e65343694930",
        "is_verified": false,
        "line_number": 3198
      },
      {
        "type": "Hex High Entropy String",
        "filename": "site/src/data/audit-room.json",
        "hashed_secret": "4f86ff870aa93c26f101d17f2a8d097845d7278a",
        "is_verified": false,
        "line_number": 3288
      },
      {
        "type": "Hex High Entropy String",
        "filename": "site/src/data/audit-room.json",
        "hashed_secret": "047c6776a971029328d0c7f3f9af9c2d4ff8a351",
        "is_verified": false,
        "line_number": 3324
      },
      {
        "type": "Hex High Entropy String",
        "filename": "site/src/data/audit-room.json",
        "hashed_secret": "0fca870dcce377d6aeb2303dbb676fe05f967aaf",
        "is_verified": false,
        "line_number": 3360
      },
      {
        "type": "Hex High Entropy String",
        "filename": "site/src/data/audit-room.json",
        "hashed_secret": "838f6d5767e62c265c6a367352731f80c323d094",
        "is_verified": false,
        "line_number": 3415
      },
      {
        "type": "Hex High Entropy String",
        "filename": "site/src/data/audit-room.json",
        "hashed_secret": "993525743bb4cff4c858f8c10bc4a341ffd53150",
        "is_verified": false,
        "line_number": 3476
      },
      {
        "type": "Hex High Entropy String",
        "filename": "site/src/data/audit-room.json",
        "hashed_secret": "411f70f99f5923dd537c67ab9c248f0c3429f4a5",
        "is_verified": false,
        "line_number": 3532
      },
      {
        "type": "Hex High Entropy String",
        "filename": "site/src/data/audit-room.json",
        "hashed_secret": "7ac3e2ad30a66dbe77de9ea5150038e90dea9192",
        "is_verified": false,
        "line_number": 3664
      },
      {
        "type": "Hex High Entropy String",
        "filename": "site/src/data/audit-room.json",
        "hashed_secret": "ad17ad6e4eb9336d58a6228a41a43e9b4436572b",
        "is_verified": false,
        "line_number": 3673
      },
      {
        "type": "Hex High Entropy String",
        "filename": "site/src/data/audit-room.json",
        "hashed_secret": "ba7b02f52e1d2943d20d59debf311555b1bffc81",
        "is_verified": false,
        "line_number": 3678
      },
      {
        "type": "Hex High Entropy String",
        "filename": "site/src/data/audit-room.json",
        "hashed_secret": "d1d9ca9960d31fdb15423e085a89f4ad4f88112d",
        "is_verified": false,
        "line_number": 3683
      },
      {
        "type": "Hex High Entropy String",
        "filename": "site/src/data/audit-room.json",
        "hashed_secret": "ca82115afe30874b12d71f4c6c98177e61392326",
        "is_verified": false,
        "line_number": 3737
      },
      {
        "type": "Hex High Entropy String",
        "filename": "site/src/data/audit-room.json",
        "hashed_secret": "7507d5b7eb2e09645b4d9e72171bc1a92850a6c0",
        "is_verified": false,
        "line_number": 3784
      },
      {
        "type": "Hex High Entropy String",
        "filename": "site/src/data/audit-room.json",
        "hashed_secret": "81511d186af1c6d5951a6a8c3cab8188ecd2d90f",
        "is_verified": false,
        "line_number": 3835
      },
      {
        "type": "Hex High Entropy String",
        "filename": "site/src/data/audit-room.json",
        "hashed_secret": "c748d55401081409abd88d3b5c64144476e6992e",
        "is_verified": false,
        "line_number": 3880
      },
      {
        "type": "Hex High Entropy String",
        "filename": "site/src/data/audit-room.json",
        "hashed_secret": "30e84f229e0f535eb2df00e8504c8bc0d50f5fa6",
        "is_verified": false,
        "line_number": 3889
      },
      {
        "type": "Hex High Entropy String",
        "filename": "site/src/data/audit-room.json",
        "hashed_secret": "6f101f0cecd3e4102bc027f4653f570d2bfd848e",
        "is_verified": false,
        "line_number": 3894
      },
      {
        "type": "Hex High Entropy String",
        "filename": "site/src/data/audit-room.json",
        "hashed_secret": "cf65493c61be06fb34ee6eee89cc402dae1d4b79",
        "is_verified": false,
        "line_number": 3990
      },
      {
        "type": "Hex High Entropy String",
        "filename": "site/src/data/audit-room.json",
        "hashed_secret": "18dab13265db25c2ecc6d63f3b8e367a4e0c47fb",
        "is_verified": false,
        "line_number": 4041
      },
      {
        "type": "Hex High Entropy String",
        "filename": "site/src/data/audit-room.json",
        "hashed_secret": "42915992fbb50e8381f973c84a9c4c003538b6a4",
        "is_verified": false,
        "line_number": 4101
      },
      {
        "type": "Hex High Entropy String",
        "filename": "site/src/data/audit-room.json",
        "hashed_secret": "3f166a187392ecf4b0269fe9eea68be1471b786e",
        "is_verified": false,
        "line_number": 4169
      },
      {
        "type": "Hex High Entropy String",
        "filename": "site/src/data/audit-room.json",
        "hashed_secret": "9f7e0f93a71f886ea9a4be301b0cc040c5dc77c9",
        "is_verified": false,
        "line_number": 4205
      },
      {
        "type": "Hex High Entropy String",
        "filename": "site/src/data/audit-room.json",
        "hashed_secret": "2d983aef557c83eea0c910469f5d3741bcc3ede9",
        "is_verified": false,
        "line_number": 4241
      },
      {
        "type": "Hex High Entropy String",
        "filename": "site/src/data/audit-room.json",
        "hashed_secret": "3d7aabb4135cccec9352445cf5cd89e966d42a25",
        "is_verified": false,
        "line_number": 4328
      },
      {
        "type": "Hex High Entropy String",
        "filename": "site/src/data/audit-room.json",
        "hashed_secret": "485968d149bb57d5df9b6694cd67d79312209c01",
        "is_verified": false,
        "line_number": 4337
      },
      {
        "type": "Hex High Entropy String",
        "filename": "site/src/data/audit-room.json",
        "hashed_secret": "a2cadd779482a68a3738a862d9d56276df544a69",
        "is_verified": false,
        "line_number": 4342
      },
      {
        "type": "Hex High Entropy String",
        "filename": "site/src/data/audit-room.json",
        "hashed_secret": "a78db0ad4845689f6c7e7e118be1147b19210255",
        "is_verified": false,
        "line_number": 4347
      },
      {
        "type": "Hex High Entropy String",
        "filename": "site/src/data/audit-room.json",
        "hashed_secret": "e04ac980326554e2761d3d3499b130a16dce5a27",
        "is_verified": false,
        "line_number": 4352
      },
      {
        "type": "Hex High Entropy String",
        "filename": "site/src/data/audit-room.json",
        "hashed_secret": "c1f96b06db99356936e445e2b201041179c51022",
        "is_verified": false,
        "line_number": 4401
      },
      {
        "type": "Hex High Entropy String",
        "filename": "site/src/data/audit-room.json",
        "hashed_secret": "3d906e778793a61bc6bcf528f071d6d3a6177794",
        "is_verified": false,
        "line_number": 4447
      },
      {
        "type": "Hex High Entropy String",
        "filename": "site/src/data/audit-room.json",
        "hashed_secret": "6e7b4a1180073ab4f85f263936247710b4050284",
        "is_verified": false,
        "line_number": 4506
      },
      {
        "type": "Hex High Entropy String",
        "filename": "site/src/data/audit-room.json",
        "hashed_secret": "48b22dec612fa00b8d0090658d59b99c7793af35",
        "is_verified": false,
        "line_number": 4546
      },
      {
        "type": "Hex High Entropy String",
        "filename": "site/src/data/audit-room.json",
        "hashed_secret": "24d71fec5897e82029185a9dd66afe9f7c13c8d1",
        "is_verified": false,
        "line_number": 4555
      },
      {
        "type": "Hex High Entropy String",
        "filename": "site/src/data/audit-room.json",
        "hashed_secret": "c33aecedf9b8a8136e2cd99f6188499164f66a3b",
        "is_verified": false,
        "line_number": 4560
      },
      {
        "type": "Hex High Entropy String",
        "filename": "site/src/data/audit-room.json",
        "hashed_secret": "a69a586b458fa386581a35db6217435f97c6a142",
        "is_verified": false,
        "line_number": 4565
      },
      {
        "type": "Hex High Entropy String",
        "filename": "site/src/data/audit-room.json",
        "hashed_secret": "1f3748501ee3e9d12867d04bf9340ffdda8c2a84",
        "is_verified": false,
        "line_number": 4663
      },
      {
        "type": "Hex High Entropy String",
        "filename": "site/src/data/audit-room.json",
        "hashed_secret": "f5290486f5b175b3a7931ccc4594f3839b378ffd",
        "is_verified": false,
        "line_number": 4699
      },
      {
        "type": "Hex High Entropy String",
        "filename": "site/src/data/audit-room.json",
        "hashed_secret": "c52d4a357b8ed5ebadac434fea6a5f05c04b81d7",
        "is_verified": false,
        "line_number": 4748
      },
      {
        "type": "Hex High Entropy String",
        "filename": "site/src/data/audit-room.json",
        "hashed_secret": "8e8eb69d15b4e5848a07d3f1fcf1a5a2a2a5f505",
        "is_verified": false,
        "line_number": 4790
      },
      {
        "type": "Hex High Entropy String",
        "filename": "site/src/data/audit-room.json",
        "hashed_secret": "f23fa58aa0efd042224fe4839a7e3dafd6be93d6",
        "is_verified": false,
        "line_number": 4847
      },
      {
        "type": "Hex High Entropy String",
        "filename": "site/src/data/audit-room.json",
        "hashed_secret": "a64a2c11222acfe3c65da943ef4d8014a49cff73",
        "is_verified": false,
        "line_number": 4909
      },
      {
        "type": "Hex High Entropy String",
        "filename": "site/src/data/audit-room.json",
        "hashed_secret": "0fcc777291c381f0b759ad1c26300611ca9d63de",
        "is_verified": false,
        "line_number": 5050
      },
      {
        "type": "Hex High Entropy String",
        "filename": "site/src/data/audit-room.json",
        "hashed_secret": "5d4176fb5f6777e1bb12d3b5e2aea0cc514ab8e0",
        "is_verified": false,
        "line_number": 5059
      },
      {
        "type": "Hex High Entropy String",
        "filename": "site/src/data/audit-room.json",
        "hashed_secret": "5c4331c2ca50a19d9c3050136d5489513d09b4cd",
        "is_verified": false,
        "line_number": 5064
      }
    ]
  },
  "generated_at": "2026-09-13T07:15:00Z"
}
